../Core/Src/main.c:174:5:main	8	static
../Core/Src/main.c:237:6:SystemClock_Config	88	static
../Core/Src/main.c:283:13:MX_I2C1_Init	8	static
../Core/Src/main.c:317:13:MX_I2S3_Init	8	static
../Core/Src/main.c:351:13:MX_SPI1_Init	8	static
../Core/Src/main.c:389:13:MX_TIM2_Init	48	static
../Core/Src/main.c:438:13:MX_TIM3_Init	48	static
../Core/Src/main.c:499:13:MX_USART2_UART_Init	8	static
../Core/Src/main.c:532:13:MX_GPIO_Init	56	static
../Core/Src/main.c:629:6:recieve_uart	8	static
../Core/Src/main.c:690:6:Servo_WriteAngle	24	static
../Core/Src/main.c:703:6:servo_handler	16	static
../Core/Src/main.c:725:5:lo_4_wheel_handler	32	static
../Core/Src/main.c:748:5:lo_4_wheel_calculation	88	static
../Core/Src/main.c:783:6:lo_4_wheel_run	24	static
../Core/Src/main.c:797:6:motor_set_speed	32	static
../Core/Src/main.c:811:6:motor_set_speed255	32	static
../Core/Src/main.c:823:6:pnuematic_actuation	8	static
../Core/Src/main.c:835:10:millis	8	static
../Core/Src/main.c:845:6:Error_Handler	4	static,ignoring_inline_asm
