../Core/Src/main.c:175:5:main	8	static
../Core/Src/main.c:250:6:SystemClock_Config	88	static
../Core/Src/main.c:296:13:MX_I2C1_Init	8	static
../Core/Src/main.c:330:13:MX_I2S3_Init	8	static
../Core/Src/main.c:364:13:MX_SPI1_Init	8	static
../Core/Src/main.c:402:13:MX_TIM2_Init	48	static
../Core/Src/main.c:451:13:MX_TIM3_Init	48	static
../Core/Src/main.c:512:13:MX_USART2_UART_Init	8	static
../Core/Src/main.c:545:13:MX_GPIO_Init	56	static
../Core/Src/main.c:642:6:recieve_uart	8	static
../Core/Src/main.c:703:6:Servo_WriteAngle	24	static
../Core/Src/main.c:716:6:servo_handler	16	static
../Core/Src/main.c:738:5:lo_4_wheel_handler	32	static
../Core/Src/main.c:761:5:lo_4_wheel_calculation	88	static
../Core/Src/main.c:797:6:lo_4_wheel_run	24	static
../Core/Src/main.c:811:6:motor_set_speed	32	static
../Core/Src/main.c:825:6:motor_set_speed255	32	static
../Core/Src/main.c:837:6:pnuematic_actuation	8	static
../Core/Src/main.c:849:10:millis	8	static
../Core/Src/main.c:859:6:Error_Handler	4	static,ignoring_inline_asm
