../Core/Src/main.c:96:5:main	8	static
../Core/Src/main.c:148:6:SystemClock_Config	88	static
../Core/Src/main.c:194:13:MX_I2C1_Init	8	static
../Core/Src/main.c:228:13:MX_I2S3_Init	8	static
../Core/Src/main.c:262:13:MX_SPI1_Init	8	static
../Core/Src/main.c:300:13:MX_TIM2_Init	48	static
../Core/Src/main.c:349:13:MX_USART2_UART_Init	8	static
../Core/Src/main.c:382:13:MX_GPIO_Init	56	static
../Core/Src/main.c:476:6:recieve_uart	64	static
../Core/Src/main.c:501:6:Error_Handler	4	static,ignoring_inline_asm
